Sample	Note	End 2 Mapping Rate	Chimeric Pairs	Intragenic Rate	Num. Gaps	Exonic Rate	Mapping Rate	5' Norm	Genes Detected	Unique Rate of Mapped	Read Length	Mean Per Base Cov.	End 1 Mismatch Rate	Fragment Length StdDev	Estimated Library Size	Mapped	Intergenic Rate	Total Purity Filtered Reads Sequenced	rRNA	Failed Vendor QC Check	Mean CV	Transcripts Detected	Mapped Pairs	Cumul. Gap Length	Gap %	Unpaired Reads	Intronic Rate	Mapped Unique Rate of Total	Expression Profiling Efficiency	Mapped Unique	End 2 Mismatch Rate	End 2 Antisense	Alternative Aligments	End 2 Sense	Fragment Length Mean	End 1 Antisense	Base Mismatch Rate	End 1 Sense	End 1 % Sense	rRNA rate	End 1 Mapping Rate	No. Covered 5'	Duplication Rate of Mapped	End 2 % Sense
Mouse-A2-single	Notes	0.8761391	21916	0.8926367	17621	0.7341928	0.8761391	0.33317196	9913	0.8410529	25	0.45236537	0.0017859068	216	2907488	2074778	0.10732715	2368092	2000	0.15620976	1.6897788	35367	1037349	1350146	0.6802336	0	0.15844394	0.7368793	0.643255	1744998	0.00272808	396519	638448	379270	144	398990	0.0022569934	379752	48.7648	0.0	0.8761391	68	0.15894713	48.888294
