2368092
75658
293314
0.84419
0.0319489
0.123861