## htsjdk.samtools.metrics.StringHeader
# picard.analysis.CollectAlignmentSummaryMetrics INPUT=/cil/shed/sandboxes/amr/smartseq/test2/alignments/Mouse-A2-single.duplicates_marked.bam OUTPUT=/cil/shed/sandboxes/amr/smartseq/test2/picard_metrics/Mouse-A2-single.AlignmentSummaryMetrics.out    MAX_INSERT_SIZE=100000 ADAPTER_SEQUENCE=[AATGATACGGCGACCACCGAGATCTACACTCTTTCCCTACACGACGCTCTTCCGATCT, AGATCGGAAGAGCTCGTATGCCGTCTTCTGCTTG, AATGATACGGCGACCACCGAGATCTACACTCTTTCCCTACACGACGCTCTTCCGATCT, AGATCGGAAGAGCGGTTCAGCAGGAATGCCGAGACCGATCTCGTATGCCGTCTTCTGCTTG, AATGATACGGCGACCACCGAGATCTACACTCTTTCCCTACACGACGCTCTTCCGATCT, AGATCGGAAGAGCACACGTCTGAACTCCAGTCACNNNNNNNNATCTCGTATGCCGTCTTCTGCTTG] METRIC_ACCUMULATION_LEVEL=[ALL_READS] IS_BISULFITE_SEQUENCED=false ASSUME_SORTED=true STOP_AFTER=0 VERBOSITY=INFO QUIET=false VALIDATION_STRINGENCY=STRICT COMPRESSION_LEVEL=5 MAX_RECORDS_IN_RAM=500000 CREATE_INDEX=false CREATE_MD5_FILE=false
## htsjdk.samtools.metrics.StringHeader
# Started on: Mon Aug 29 14:22:41 EDT 2016

## METRICS CLASS	picard.analysis.AlignmentSummaryMetrics
CATEGORY	TOTAL_READS	PF_READS	PCT_PF_READS	PF_NOISE_READS	PF_READS_ALIGNED	PCT_PF_READS_ALIGNED	PF_ALIGNED_BASES	PF_HQ_ALIGNED_READS	PF_HQ_ALIGNED_BASES	PF_HQ_ALIGNED_Q20_BASES	PF_HQ_MEDIAN_MISMATCHES	PF_MISMATCH_RATE	PF_HQ_ERROR_RATE	PF_INDEL_RATE	MEAN_READ_LENGTH	READS_ALIGNED_IN_PAIRS	PCT_READS_ALIGNED_IN_PAIRS	BAD_CYCLES	STRAND_BALANCE	PCT_CHIMERAS	PCT_ADAPTER	SAMPLE	LIBRARY	READ_GROUP
FIRST_OF_PAIR	1184046	1184046	1	0	0	0	0	0	0	0	0	0	0	0	25	0	0	0	0	0	0.000028			
SECOND_OF_PAIR	1184046	1184046	1	0	0	0	0	0	0	0	0	0	0	0	25	0	0	0	0	0	0.000079			
PAIR	2368092	2368092	1	0	0	0	0	0	0	0	0	0	0	0	25	0	0	0	0	0	0.000054			


