TOTAL_READS     ERCC_READS      UNALIGNED_ERCC_READS    FRC_GENOME_REF  FRC_ERCC_READS  FRC_UNALIGNED_ERCC
115680  0       0       1.0     0.0     0.0