## htsjdk.samtools.metrics.StringHeader
# picard.sam.markduplicates.EstimateLibraryComplexity INPUT=[/cil/shed/sandboxes/amr/smartseq/ssf_1871_amr/SSF1871C06_PeterNigrovic/alignments/SSF1871C06_PeterNigrovic.duplicates_marked.bam] OUTPUT=/cil/shed/sandboxes/amr/smartseq/ssf_1871_amr/picard_metrics/SSF1871C06_PeterNigrovic.EstimateLibraryComplexity.out VALIDATION_STRINGENCY=SILENT    MIN_IDENTICAL_BASES=5 MAX_DIFF_RATE=0.03 MIN_MEAN_QUALITY=20 MAX_GROUP_RATIO=500 MAX_READ_LENGTH=0 MIN_GROUP_COUNT=2 READ_NAME_REGEX=<optimized capture of last three ':' separated fields as numeric values> OPTICAL_DUPLICATE_PIXEL_DISTANCE=100 VERBOSITY=INFO QUIET=false COMPRESSION_LEVEL=5 MAX_RECORDS_IN_RAM=46479492 CREATE_INDEX=false CREATE_MD5_FILE=false GA4GH_CLIENT_SECRETS=client_secrets.json
## htsjdk.samtools.metrics.StringHeader
# Started on: Wed Jan 18 08:57:51 EST 2017

## METRICS CLASS	picard.sam.DuplicationMetrics
LIBRARY	UNPAIRED_READS_EXAMINED	READ_PAIRS_EXAMINED	SECONDARY_OR_SUPPLEMENTARY_RDS	UNMAPPED_READS	UNPAIRED_READ_DUPLICATES	READ_PAIR_DUPLICATES	READ_PAIR_OPTICAL_DUPLICATES	PERCENT_DUPLICATION	ESTIMATED_LIBRARY_SIZE
SSF1871C06_PeterNigrovic	0	627	0	0	0	99	72	0.157895	5517

## HISTOGRAM	java.lang.Integer
duplication_group_count	SSF1871C06_PeterNigrovic
1	457
2	56
3	8
4	5
5	1
6	1
7	2

